dhrzsshsdtzgh-5-euros-99-cents
dhrzsshsdtzgh-5-pounds-99-pence
bgdhwzhtykklmmn-5-dollars-99-cents
ri-yi-guo-hui-ren-nian-da-shi-er-ben-zhong-zhang-chu-san-tong-5990-yen
5-euros-99-cents-ri-yi-guo-hui-ren-nian-da-shi-5-dollars-99-cents
bgdh-at-dtzgh-dot-com
nian-da-shi-at-dtzgh
bgdh-and-nian-da-shi
guo-and-m-at-dtzgh-dot-hwz
my-username-is-at-bgdh
the-review-gave-5-star-to-zgh
use-nian-da-shi-at-dtzgh-dot-hwz-to-get-a-10-percent-discount
ri-equals-ht2
kklm-guo-hui-gh-9-dot-81-m-s2
the-number-hui-comment-at-at-bgdh-equals-10-percent-of-star-and-star