
0123456789
abcdefghijklmno
pqrstuvwxyz
abcdefghijklmno
pqrstuvwxyz
hhisgjz
hhisgjz
aaaaccceeeeiiii
nooogoguuuuusss
aaaaccceeeeeiiii
nooogoguuuuus