
0123456789
abcdefghijklmno
pqrstuvwxyz
abcdefghijklmno
pqrstuvwxyz
arilsegtz
arilsegtnzn
aaaaaaaeiceeeeiii
dnokoooouuuuuuss
aaaaaaaeiceeeeiii
dnokoooouuuuuu