
0123456789
abcdefghijklmno
pqrstuvwxyz
abcdefghijklmno
pqrstuvwxyz


aaaaaaaeceeeeiiii
dnoooooouuuuythss
aaaaaaaeceeeeiiii
dnoooooouuuuythy