
aawayabttthjhkhd
dhrzsshsdtzgh
fqklmnhwyy
0123456789
awyp
ch
zhs
vkngg

vy


0123456789



