bgdhwzhtykklmmn
nsppzzqrst
wwwyyy
dhklmrt-ssss
bgdhwztykklm
nsppzqrstwbkpl