
0123456789
abcdefghijklmno
pqrstuvwxyz
abcdefghijklmno
pqrstuvwxyz
hhisgjz
hhisgj-1-2z
aaaaccceeeeiiii
nooogoguuuuusss
aaaaccceeeeeiiii
nooogo-guuuuus