
0123456789
abcdefghijklmno
pqrstuvwxyz
abcdefghijklmno
pqrstuvwxyz
allssstzzz
allssstzzz
raaaalccceeeeiid
dnnooooruuuuytss
raaaalccceeeeiid
dnnoooo-ruuuuyt