
0123456789
abcdefghijklmno
pqrstuvwxyz
abcdefghijklmno
pqrstuvwxyz
cr
1-4-1-2-3-4
aaaaaaaeceeeeiiii
dnoooooouuuuythss
aaaaaaaeceeeeiiii
dnooooo-ouuuuythy