
0123456789
abcdefghijklmno
pqrstuvwxyz
abcdefghijklmno
pqrstuvwxyz
aqrilsegtz
arilsegtnzn
aaaaaaaeiceeeeiii
dnokoooouuuuuuss
aaaaaaaeiceeeeiii
dnokooo-ouuuuuu