ri-yi-guo-hui-ren-nian-da-shi-er-ben-zhong-zhang-chu-san-tong
shi-zheng-shi-zi-xing-she-jian-yue-fen-yi-hou-qian-min-sheng-lian
wu-fa-jian-dui-shang-bu-dong-zhe-dang-de-he-shi-ye-nei-xiang
fang-si-ding-jin-hui-xin-chang-jin-yuan-jiu-ru-xuan-li-kai-shou
mi-li-xue-wen-gao-dai-ming-shi-yuan-guan-jue-zi-dong-jing-quan
mu-biao-zhan-jing-tong-wai-zui-yan-shi-xian-li-diao-ti-hua-tian
dang-ba-liu-yue-zhu-ti-xia-shou-yi-fa-bu-lai-zuo-xing-de
yao-yong-zhi-zhi-du-wu-qiang-qi-xiao-qi-cheng-qi-gong-chi-ye
xie-qu-dou-he-tong-yi-ji-ping-zong-jia-shan-si-jia-hua-shi
shou-qu-ling-duo-xian-xu-jin-zheng-an-she-bao-gai-shu-ji-yuan
nu-chu-bei-wu-zhi-quan-xin-jie-zhi-di-chan-jie-bai-pai-dian
jiao-bao-ji-shu-fu-huo-yuan-xian-gong-de-jie-ming-jiao-zi-yu
chuan-xiang-ji-zha-sheng-mian-wei-gao-jun-wen-fan-yuan-zhong-jin-qian
kao-pan-ren-hua-hai-can-mai-li-zu-zhi-an-dao-xin-ce-ji
zai-jian-tuan-bie-wu-ce-ren-yin-shi-qiu-suo-ci-shui-ban-pin
zuo-lun-ji-si-guan-zeng-xi-gan-te-qing-tou-shi-bian-da-nan
ji-si-ge-shi-dao-zhi-liang-chao-ge-si-shi-que-cun-ti-yun
zhong-ju-guo-xi-shi-jian-tai-guang-rong-bi-ying-yan-dian-sui-zhu
zheng-tan-neng-wu-zai-wei-zhi-qi-zhen-liu-ge-you-yi-kou-guo
ju-shao-fang-shui-jian-teng-ting-chang-xiao-liao-ze-cai-zhuang-gong-jian
yu-qiu-ying-kong-zhi-zheng-tu-yu-ji-zhi-song-yuan-gong-ke-yi
gou-mu-ge-wen-shen-fei-fu-shi-qie-you-shuo-zhuan-shi-bi-nan
fang-bu-che-you-fu-yan-shou-duan-jing-he-nan-shi-zu-wei-xiao
jing-shen-fan-gui-shu-hu-zhan-tai-dao-xian-bei-zhai-hai-pei-fu
suan-shi-tiao-gan-du-jing-gong-jiu-yu-xi-shu-fang-le-qi-wan
zhe-cheng-dian-shu-can-xiang-xian-lu-bing-nong-zhou-wu-sheng-zhi-nian
dai-shi-zu-xiang-yin-yu-zhu-lao-li-wei-ran-zao-zhang-ying-xian
qin-e-jian-huan-yan-zhui-shen-shang-ye-yi-chuan-dong-xing-jing-luo
ou-dan-hao-tui-zhun-shang-su-bian-zao-ying-bei-zhu-tou-ji-di
mei-yi-fu-shi-qu-zi-wei-fu-ge-han-du-shi-yi-cha-zhong
ge-men-xie-ping-ke-mo-shou-ruo-nao-ji-zhong-mei-gang-ying-ming
han-fu-zang-liang-wang-song-fei-ji-zuo-he-guan-cha-zheng-duan-heng
rong-xing-bai-shen-zi-da-ye-zhi-piao-kuang-yin-shen-yang-cai-gang
shi-zhu-hu-she-da-liang-xiang-ban-gui-zhen-zhuan-tui-gu-gu-hou
shi-tian-jie-cheng-man-bai-guan-zhi-ge-mai-tu-bing-jie-qing-qi
shi-guang-tao-lu-e-ke-gong-qi-du-shou-cui-xi-xiao-tu-zhou
ji-wan-ta-ji-wan-lu-chu-sheng-jiu-shi-xian-tai-qiao-bu-li
an-ke-feng-zhi-ji-fou-zhou-shi-zhai-cai-deng-xi-pi-lang-mu
yi-jian-hei-huo-hu-su-cun-hua-chun-fei-sha-yang-quan-chi-hao
dan-meng-zuo-qing-po-bian-sou-zhu-chu-wan-jiang-chao-ze-bing-liao
cong-you-xiu-bu-dui-wei-cai-zhi-sen-jing-kuo-gu-guan-zhen-gei
wu-jie-du-bian-gen-se-you-ku-jiu-ying-zou-fan-yuan-ju-zuo
yi-li-ci-jiang-qiu-yin-xian-yan-ma-ai-fu-xiu-wei-fu-bang
fu-yi-bi-ban-wei-lei-mao-jiang-bang-wu-lin-zhuang-zhu-xia-su
wang-ju-he-qian-hang-kang-leng-mo-xiong-shi-fu-zhi-ji-yi-ru
yan-jin-lei-er-yu-jin-yin-ni-wang-fan-biao-huan-jiu-duan-you
qi-bao-lun-zhan-xuan-bei-zhao-fei-zhi-re-su-yao-yi-jiang-qing
xi-xian-lai-liao-jue-ji-sheng-chuan-bei-jun-yi-tu-ya-yun-xu
huang-lin-ta-yi-shu-ba-huai-zhai-bian-shen-liu-zui-ting-xing-bao
lu-yu-yuan-yi-bo-chuang-zhang-ji-jin-ju-dai-yan-yu-nu-gu
dou-jing-ze-zang-luan-bi-pu-san-si-kang-ce-li-yang-jing-shan
dai-hun-hou-xi-ling-tong-zu-po-e-cheng-fu-huo-beng-shun-ji
ting-tuo-lu-jue-ji-xing-yan-lian-ya-zhi-dao-le-ting-bo-cheng
huan-di-deng-jiu-zhi-ceng-ban-lao-ling-jiao-luo-sun-fang-mu-qu
che-li-fan-xue-mi-ting-tu-cuo-fo-ji-zhu-huo-zhi-hun-zai
sheng-chi-zhen-wo-qin-wei-xue-chi-yi-mu-ju-ran-wen-za-zhao
nai-ji-kun-xing-shang-yong-ze-xiu-zhe-zheng-zhi-ku-dan-chang-kan
xiang-gong-ju-xiang-qian-geng-mi-ju-xing-ban-ke-di-zan-zhong-zhi
bao-zao-fu-fan-wei-miao-bu-kong-si-ling-pan-xi-yu-xiang-sang
ban-yuan-yang-xuan-ti-jie-ju-zhen-yuan-hui-xi-yue-qi-jie-yue
qi-yu-tong-chu-di-yi-ji-wu-suo-hai-mei-shu-xiao-hu-fu
lu-you-shu-zhong-rong-zha-zui-shi-xi-hui-ban-lie-lu-chong-tan
tao-jie-huan-jie-xu-gu-she-qing-jie-yao-you-mi-meng-juan-gou
hui-jun-ran-chong-yu-bi-xu-ji-bao-zhu-gong-lu-ruo-que-duan
lin-zhe-shao-huo-jun-bing-cao-che-yin-gui-qi-chong-jiao-duo-gu
zai-pu-mu-ti-xi-yu-shao-jian-rang-cheng-rou-na-shu-tiao-zhang
zang-lu-you-fen-dai-zhi-zong-cu-shen-kong-zeng-zhi-wo-zhao-zhou
jiu-jun-qian-bao-tang-se-qun-chong-bei-miao-cao-xie-ao-zhen-jie
tuo-qing-cuo-dan-qin-kuo-gua-xie-shuang-xiao-ci-dao-qu-qin-tou
jin-bi-dao-jia-an-lie-min-niao-chun-shi-fan-pai-yu-jian-yi
dao-zhi-gang-xi-dian-he-xi-gu-hong-kan-song-jie-zhi-yu-huan
mian-zou-quan-sao-yi-yang-fa-jia-kuai-ying-pian-xiang-jing-yao-mian
ji-jian-lin-nao-hua-quan-yu-fan-yin-dong-de-pi-zhe-yu-shan
li-shi-ji-huang-zhu-ying-tuo-wei-hao-xiong-chi-zhi-wei-long-mai
zheng-zan-zhong-cang-zhou-cha-yan-gan-zhu-huan-yan-miao-chang-ji-dai
a-suo-cheng-wang-xi-xue-bi-chui-xun-ken-yu-pai-tong-bao-bing
jing-ma-feng-xiong-niang-sha-li-yan-hao-wu-ji-lai-qu-xian-zhai
guan-xian-wei-xian-xu-di-xun-wan-jian-sheng-zhi-ji-xi-liu-she
wei-jiao-ba-zhao-chuang-tian-guan-xiang-mao-lu-zun-di-xie-zhu-li
chuang-rou-mao-xi-qi-ju-ya-shi-wang-long-shi-xi-fan-dian-nong
yi-niu-ci-xi-di-mei-xian-yu-qi-ye-pin-fu-yong-yi-jian
quan-ling-suan-xiong-fa-nu-mie-yong-chu-fu-zu-you-jiao-ling-he
chao-mei-po-jin-bei-pu-ying-hua-gu-huang-xi-yan-pei-ju-shou
gang-wan-gan-chen-suo-cai-mo-qian-li-sao-yun-jue-zong-hui-xu
zhou-xun-pi-jia-shun-she-jie-pao-ruan-pen-chen-kua-xiang-sheng-zhi
di-hong-suo-ming-zu-tai-hui-pu-dong-ku-fu-ju-jiao-ru-yan
yuan-wei-peng-shi-nai-lian-shu-lou-hong-qing-meng-fang-cheng-jiao-jian
yao-tan-yong-huang-zhang-qi-ding-ce-heng-mian-yang-mao-zhi-yong-ceng
xie-lun-chen-yi-bu-quan-cai-er-qian-zhen-li-ren-ke-yue-gai
ju-mu-mo-xu-pian-fen-luan-yu-hu-zi-xia-chi-zhuo-gan-ding
chong-shua-gui-liang-wei-tang-xiang-bu-lu-mu-shu-zhi-jian-rong-bei
xue-qi-man-he-mou-nuan-chang-pai-lang-zhang-kuang-kuan-fu-bao-qi
lei-ge-jing-pi-mei-xia-fei-sun-zhen-jing-jian-si-yin-ming-rui
sui-lie-xun-yuan-gao-zhi-dan-qi-ye-qiu-dong-rang-man-xuan-zhan
wu-pu-ren-tu-shu-xuan-xu-en-du-teng-wang-dou-sui-wan-kuang
jiao-li-qi-bi-wei-pei-shuai-ting-qu-jing-dan-chou-pi-ting-jin
zhun-shu-bai-ji-jiang-mei-jin-sheng-dan-bing-xian-ju-gan-xu-bang
han-zi-ling-zhang-hui-yu-qi-can-nue-fan-zhui-zhao-ju-fei-xu
tang-da-zi-fa-mang-dun-mai-long-shi-gui-biao-fang-lu-fen-ca
jing-han-mi-zhuang-nuo-lei-piao-huai-kan-mian-zai-cai-guai-li-tuo
tian-han-guan-xie-tong-jing-cong-lang-ya-lan-zha-tan-xun-mo-chou
zi-shi-shu-wen-xie-fen-zhao-lan-yi-ya-ta-yan-ping-yu-zhu
shang-fu-diao-xiao-wen-xian-qiao-mao-yuan-zhao-qi-diao-fou-qiu-zhuang
zhi-ge-zhi-su-li-yu-zheng-jia-zao-jia-xiao-gui-shu-ji-zhi
xue-jian-zi-huan-zhu-ji-shi-geng-ba-jian-cheng-shu-yang-dun-chi
gang-ji-zheng-sui-yao-jia-qian-hou-tan-yu-jun-lian-chao-ni-pin
qin-ban-yuan-peng-jie-ku-zai-lang-ji-chen-yu-ou-xia-fu-deng
bai-xin-mo-qi-su-mo-xie-jing-shi-mai-mo-zhen-dong-lu-lie
na-ou-shen-feng-you-pu-ting-xing-chun-di-tong-bi-dao-guai-li
ci-jiu-chai-wei-zui-xi-huo-jia-run-dao-fa-wei-gai-fu-sang
gui-sui-hu-pen-jin-sui-zhuang-di-ji-bang-yi-lei-chi-ban-die
huang-yu-tong-cun-guo-ji-niao-xiong-tu-yan-ying-bin-lu-fu-tao
zhong-han-ji-zhu-hong-ci-mi-kun-cu-ding-ya-kao-zhuang-san-dun
qi-ning-zhuo-xun-ren-pan-mao-dai-ru-liao-you-peng-ta-fei-qian
zhu-ning-miao-shou-ai-tiao-hui-jiang-guo-chui-she-cheng-feng-seng-ji
tiao-tang-gen-wu-fan-qi-zheng-lu-long-yuan-gou-gong-yi-shui-cuo
bo-mao-ti-gu-shi-ling-wu-hun-ku-bi-chuan-fei-bo-e-shen
qiong-zhang-li-ling-chou-fu-yue-ren-fu-li-yi-mang-cui-ru-yi
xia-yuan-xian-dao-ren-zhi-chui-hong-she-bao-han-rong-liang-tao-shou
zhou-bei-zhu-wo-shen-shu-bei-duan-dao-gu-luo-ya-fu-you-kuai
xuan-gong-bi-mo-shan-xie-chang-zeng-cao-guo-ci-min-ken-tong-yang
fa-jun-zi-zao-jiu-liang-fen-ping-chu-gan-huang-yu-wu-chun-she
luo-fang-xia-feng-li-feng-gui-niang-lian-diao-yi-ju-zhi-ni-bian
jie-heng-dai-xun-wa-lie-yang-wa-kuan-yue-que-zhen-he-gan-tian
tai-jiao-fen-tun-zhe-fei-liu-she-cuo-xie-qie-pao-rui-you-kai
fang-hen-fang-fu-hu-wu-ji-zhuo-ben-dou-lan-pu-xun-xiao-bo
xiu-qiao-xiang-qin-mao-fan-sha-fu-tan-mei-ji-chan-zhu-dong-po
fu-die-cha-xiang-lan-chui-tan-yan-shi-jiang-juan-pei-pou-pu-yu
you-shu-fan-xiao-jiu-jie-nan-di-jie-qi-ling-nu-shui-ding-quan
xiang-qian-zhuo-shi-chi-gu-du-zhao-ke-jia-an-liu-fan-zou-shu
ci-heng-kan-xu-cu-yin-di-hen-ling-xiu-shen-qiao-cui-yao-pi
pa-lian-su-an-chong-qi-jia-pi-yu-yin-zhuo-jiao-nai-zhou-tun
zun-hua-dian-sa-yin-yan-dian-qu-du-ni-ping-chun-mu-xian-hu
you-jun-cao-shao-yong-chao-ping-bei-wu-zhu-mo-wei-gui-li-huo
die-lao-jing-fan-qing-shuai-liang-shi-di-qi-mi-zuo-ji-ni-zhao
ba-dou-shan-jian-jin-ying-you-jiao-dou-gua-liu-li-yong-peng-keng
gu-wu-lan-qiao-zei-zha-yan-jiu-pan-liao-bei-kong-ju-shu-lu
gui-kao-song-niang-yuan-xun-du-xi-weng-yi-lian-ya-jin-tong-yong
xin-yao-bao-chou-wei-pian-sheng-ci-feng-xun-fan-ba-zhen-zhen-he
pu-duo-jing-zu-gui-leng-mou-zhan-shen-xi-ren-ju-wo-xu-mu
miao-yao-fei-ba-jiao-mou-qiu-kui-sou-hong-hong-mi-yu-jiu-jian
feng-zheng-ti-an-shan-wen-kui-e-zao-wan-lu-meng-yan-lang-di
zhou-zhan-jian-wan-yue-yao-yuan-qing-chuan-yi-xia-si-tu-chang-zhong
su-yan-yun-zhui-zhi-shuang-bing-lu-xiao-mu-zhu-chi-qin-xing-jia
guan-ru-feng-xin-ban-yin-yan-hui-qi-zhi-chou-lu-lou-bin-ku
kuang-mei-yi-zan-yin-qin-xin-zhan-dui-hu-he-ou-shen-ting-ci
cuo-yan-dian-zong-shan-bo-hu-jiang-shuan-cui-nian-xin-mi-bo-zhen
ao-yan-tie-ci-tong-zong-gu-bi-an-niao-wan-xuan-ti-na-ban
lian-cou-feng-sun-duo-zhu-ke-huan-zhong-zhu-chi-xi-ai-e-xu
fan-long-fu-zhao-gao-chu-chang-zhuan-jiao-yi-wei-pai-dang-xuan-you
jiang-zhang-yao-dai-chi-zhi-wo-ai-chong-ru-qiang-xiao-xiang-wang-dun
dan-xiu-shan-rou-fu-zhuo-can-hao-xi-ca-cang-er-liang-zhi-zhou
guan-tie-zou-quan-hui-peng-ban-zhi-zhi-zheng-tan-hu-kai-hui-teng
dong-jian-zun-ji-pin-zi-luo-ti-zhai-chou-hu-jue-xin-shu-si
wei-ye-qi-xi-xuan-kou-ji-shuo-cai-xi-zhong-chou-jia-yi-zi
ming-mu-chao-hang-yu-mian-dai-shuang-ju-li-duo-zuo-zhen-man-que
hu-wang-wei-yi-xian-meng-xiang-wai-ming-cai-yi-liu-jiu-cao-chu
qiang-jiao-yun-zhen-meng-fan-tun-hou-dui-ming-lu-bin-shi-li-shu
hu-ji-liu-ze-pu-yao-cu-huo-fu-ju-sha-yuan-bo-shun-xia
zhui-zhang-gai-wei-hou-wang-you-ying-sou-man-fu-biao-nian-nie-mao
jie-fu-die-dan-yi-kuo-cang-zhe-peng-tao-ti-jian-qi-pai-xiang
gan-xie-yu-yuan-chuan-shi-qian-ling-jia-chu-xi-suo-hao-su-guang
qiu-xi-yao-zhi-po-cong-chang-hong-yan-sa-shi-chu-fei-tie-die
diao-liao-weng-chuan-lian-liu-yi-mou-fang-bi-deng-di-jian-gua-zhi
bu-chui-zhuo-rang-shi-xie-ma-you-ti-jing-pei-lao-fen-ti-diao
tuo-gui-qi-jian-xiu-cha-zun-mie-zhe-jiang-hu-guang-gao-you-chuan
gao-ou-qi-lin-jian-ding-chi-li-ren-yan-xia