bulgarian-zltata-dula-bese-sastliva-ce-puht-koito-cfna-zamrzna-kato-gon
croatian-gojazni-dacic-s-biciklom-drzi-hmelj-i-finu-vatu-u-dzepu-nosnje
czech-prilis-zlutoucky-kun-upel-dabelske-kody
danish-hoj-bly-gom-vandt-fraek-sexquiz-pa-wc
english-the-quick-brown-fox-jumps-over-the-lazy-dog
esperanto-eble-ciu-kvazau-deca-fushorajo-gojigos-homtipon
french-les-naifs-aegithales-hatifs-pondant-a-noel-ou-il-gele-sont-surs-detre-decus-en-voyant-leurs-droles-doeufs-abimes
finnish-on-sangen-hauskaa-etta-polkupyora-on-maanteiden-jokapaivainen-ilmio
german-falsches-uben-von-xylophonmusik-qualt-jeden-grosseren-zwerg
greek-tachiste-alopex-baphes-psemene-ge-draskelizei-yper-nothrou-kynos
hungarian-arvizturo-tukorfurogep
icelandic-saevor-gret-adan-thvi-ulpan-var-onyt
latvian-cetri-psihi-fakiri-velu-vakara-zageja-gulbuvei-durvis-fona-snacot-mezam
lithuanian-ilinkdama-fechtuotojo-spaga-sublykciojusi-pragreze-apvalu-arbuza
maltese-jekk-joghgbok-ibghat-lili-xi-pangram-ccgghhzz
norwegian-var-saere-zulu-fra-badeoya-spilte-jo-whist-og-quickstep-i-min-taxi
polish-pchnac-w-te-lodz-jeza-lub-osiem-skrzyn-fig
portuguese-luis-arguia-a-julia-que-bracoes-fe-cha-oxido-por-zangao-eram-palavras-do-portugues
romanian-muzicologa-in-bej-vand-whisky-si-tequila-pret-fix
russian-ses-ze-ese-etih-magkih-francuzskih-bulok-da-vypei-cau
sami-vuol-ruota-gedggiid-leat-manga-luosa-ja-cuovzza
slovak-stary-kon-na-hrbe-knih-zuje-tisko-povadnute-ruze-na-stlpe-sa-datel-uci-kvakat-novu-odu-o-zivote
spanish-benjamin-pidio-una-bebida-de-kiwi-y-fresa-noe-sin-verguenza-la-mas-exquisita-champana-del-menu
swedish-flygande-backasiner-soka-strax-hwila-pa-mjuka-tuvor
turkish-pijamali-hasta-yagiz-sofore-cabucak-guvendi
ukrainian-cues-ih-docu-ga-kumedna-z-ti-prosaisa-bez-golfiv